PCB 统计报告
=====================
- 日期: Wed Aug 26 17:12:38 2026
- 工程: heart_v2
- 电路板名称: heart_v2

电路板
-----
- 宽度: 100.0000 mm
- 高度: 32.0000 mm
- 面积: 3196.557 mm²
- 顶层铜箔面积: 2782.368 mm²
- 底层铜箔面积: 2644.848 mm²
- 最小走线间距: 0.1000 mm
- 最小走线宽度: 0.1500 mm
- 最小孔径: 0.2000 mm
- 电路板叠层厚度: 0.8000 mm

- 顶层封装面积: 955.663 mm²
- 底层封装面积: 73.742 mm²
- 顶层元件密度: 29.90 %
- 底层元件密度: 2.31 %
焊盘
----
- 通孔: 25
- 贴片: 550
- 连接器: 0
- 非电镀孔 (NPTH): 0
- 半孔: 0
- 压接: 0

过孔
----
- 通孔: 227
- 盲孔: 0
- 埋孔: 0
- 微孔: 0

元件
----------

|           |  顶层 | 底层 |  合计 |
|-----------|-----|----|-----|
|直插 (THT):  |   0 |  0 |   0 |
|贴片:        | 159 |  2 | 161 |
|未指定:       |   5 |  1 |   6 |
|总计:        | 164 |  3 | 167 |

钻孔
-----------

|  数量 | 形状 |      X 尺寸 |      Y 尺寸 |        电镀 | 过孔/焊盘 |  起始层 |  终止层 |
|-----|----|-----------|-----------|-----------|-------|------|------|
| 227 | 圆形 | 0.2000 mm | 0.2000 mm | 电镀孔 (PTH) |    过孔 | F.Cu | B.Cu |
|  25 | 圆形 | 0.2000 mm | 0.2000 mm | 电镀孔 (PTH) |    焊盘 | F.Cu | B.Cu |
