DRC: status=clean violations=0 report=tmp/pcb-validate-drc.rpt
Parity: clean=True
Schematic parity: 149 finding(s)
  - footprint_symbol_field_mismatch ?
  - footprint_symbol_field_mismatch ?
  - footprint_symbol_field_mismatch ?
  - footprint_symbol_field_mismatch ?
  - footprint_symbol_field_mismatch ?
  - footprint_symbol_field_mismatch ?
  - footprint_symbol_field_mismatch ?
  - footprint_symbol_field_mismatch ?
  - footprint_symbol_field_mismatch ?
  - footprint_symbol_field_mismatch ?
  - footprint_symbol_field_mismatch ?
  - footprint_symbol_field_mismatch ?
  - footprint_symbol_field_mismatch ?
  - footprint_symbol_field_mismatch ?
  - footprint_symbol_field_mismatch ?
  - footprint_symbol_field_mismatch ?
  - footprint_symbol_field_mismatch ?
  - footprint_symbol_field_mismatch ?
  - footprint_symbol_field_mismatch ?
  - footprint_symbol_field_mismatch ?
  - footprint_symbol_field_mismatch ?
  - footprint_symbol_field_mismatch ?
  - footprint_symbol_field_mismatch ?
  - footprint_symbol_field_mismatch ?
  - footprint_symbol_field_mismatch ?
  - footprint_symbol_field_mismatch ?
  - footprint_symbol_field_mismatch ?
  - footprint_symbol_field_mismatch ?
  - footprint_symbol_field_mismatch ?
  - footprint_symbol_field_mismatch ?
  - footprint_symbol_field_mismatch ?
  - footprint_symbol_field_mismatch ?
  - footprint_symbol_field_mismatch ?
  - footprint_symbol_field_mismatch ?
  - footprint_symbol_field_mismatch ?
  - footprint_symbol_field_mismatch ?
  - footprint_symbol_field_mismatch ?
  - footprint_symbol_field_mismatch ?
  - footprint_symbol_field_mismatch ?
  - footprint_symbol_field_mismatch ?
  - footprint_symbol_field_mismatch ?
  - footprint_symbol_field_mismatch ?
  - footprint_symbol_field_mismatch ?
  - footprint_symbol_field_mismatch ?
  - footprint_symbol_field_mismatch ?
  - footprint_symbol_field_mismatch ?
  - footprint_symbol_field_mismatch ?
  - footprint_symbol_field_mismatch ?
  - footprint_symbol_field_mismatch ?
  - footprint_symbol_field_mismatch ?
  - footprint_symbol_field_mismatch ?
  - footprint_symbol_field_mismatch ?
  - footprint_symbol_field_mismatch ?
  - footprint_symbol_field_mismatch ?
  - footprint_symbol_field_mismatch ?
  - footprint_symbol_field_mismatch ?
  - footprint_symbol_field_mismatch ?
  - footprint_symbol_field_mismatch ?
  - footprint_symbol_field_mismatch ?
  - footprint_symbol_field_mismatch ?
  - footprint_symbol_field_mismatch ?
  - footprint_symbol_field_mismatch ?
  - footprint_symbol_field_mismatch ?
  - footprint_symbol_field_mismatch ?
  - footprint_symbol_field_mismatch ?
  - footprint_symbol_field_mismatch ?
  - footprint_symbol_field_mismatch ?
  - footprint_symbol_field_mismatch ?
  - footprint_symbol_field_mismatch ?
  - footprint_symbol_field_mismatch ?
  - footprint_symbol_field_mismatch ?
  - footprint_symbol_field_mismatch ?
  - footprint_symbol_field_mismatch ?
  - footprint_symbol_field_mismatch ?
  - footprint_symbol_field_mismatch ?
  - footprint_symbol_field_mismatch ?
  - footprint_symbol_field_mismatch ?
  - footprint_symbol_field_mismatch ?
  - footprint_symbol_field_mismatch ?
  - footprint_symbol_field_mismatch ?
  - footprint_symbol_field_mismatch ?
  - footprint_symbol_field_mismatch ?
  - footprint_symbol_field_mismatch ?
  - footprint_symbol_field_mismatch ?
  - footprint_symbol_field_mismatch ?
  - footprint_symbol_field_mismatch ?
  - footprint_symbol_field_mismatch ?
  - footprint_symbol_field_mismatch ?
  - footprint_symbol_field_mismatch ?
  - footprint_symbol_field_mismatch ?
  - footprint_symbol_field_mismatch ?
  - footprint_symbol_field_mismatch ?
  - footprint_symbol_field_mismatch ?
  - footprint_symbol_field_mismatch ?
  - footprint_symbol_field_mismatch ?
  - footprint_symbol_field_mismatch ?
  - footprint_symbol_field_mismatch ?
  - footprint_symbol_field_mismatch ?
  - footprint_symbol_field_mismatch ?
  - footprint_symbol_field_mismatch ?
  - footprint_symbol_field_mismatch ?
  - footprint_symbol_field_mismatch ?
  - footprint_symbol_field_mismatch ?
  - footprint_symbol_field_mismatch ?
  - footprint_symbol_field_mismatch ?
  - footprint_symbol_field_mismatch ?
  - footprint_symbol_field_mismatch ?
  - footprint_symbol_field_mismatch ?
  - footprint_symbol_field_mismatch ?
  - footprint_symbol_field_mismatch ?
  - footprint_symbol_field_mismatch ?
  - footprint_symbol_field_mismatch ?
  - footprint_symbol_field_mismatch ?
  - footprint_symbol_field_mismatch ?
  - footprint_symbol_field_mismatch ?
  - footprint_symbol_field_mismatch ?
  - footprint_symbol_field_mismatch ?
  - footprint_symbol_field_mismatch ?
  - footprint_symbol_field_mismatch ?
  - footprint_symbol_field_mismatch ?
  - footprint_symbol_field_mismatch ?
  - footprint_symbol_field_mismatch ?
  - footprint_symbol_field_mismatch ?
  - footprint_symbol_field_mismatch ?
  - footprint_symbol_field_mismatch ?
  - footprint_symbol_field_mismatch ?
  - footprint_symbol_field_mismatch ?
  - footprint_symbol_field_mismatch ?
  - footprint_symbol_field_mismatch ?
  - footprint_symbol_field_mismatch ?
  - footprint_symbol_field_mismatch ?
  - footprint_symbol_field_mismatch ?
  - footprint_symbol_field_mismatch ?
  - footprint_symbol_field_mismatch ?
  - footprint_symbol_field_mismatch ?
  - footprint_symbol_field_mismatch ?
  - footprint_symbol_field_mismatch ?
  - footprint_symbol_field_mismatch ?
  - footprint_symbol_field_mismatch ?
  - footprint_symbol_field_mismatch ?
  - footprint_symbol_field_mismatch ?
  - footprint_symbol_field_mismatch ?
  - footprint_symbol_field_mismatch ?
  - footprint_symbol_field_mismatch ?
  - footprint_symbol_field_mismatch ?
  - footprint_symbol_field_mismatch ?
  - footprint_symbol_field_mismatch ?
  - footprint_symbol_field_mismatch ?
  - footprint_symbol_field_mismatch ?
